// Jest Snapshot v1, https://goo.gl/fbAQLP

exports[`Home Page Renders 1`] = `
<div>
  <div
    class="layout"
  >
    <main
      class="layout__main"
    >
      <h1>
        TypeScript x React Project
      </h1>
      <button
        class="button"
        type="button"
      >
        See Coaches
      </button>
    </main>
  </div>
</div>
`;
